D:\f4-TD\TowerDefence\implementation\system.ngc 1525425179
D:/f4-TD/TowerDefence/implementation/system_my_peripheral_0_wrapper.ngc 1525425070
D:/f4-TD/TowerDefence/implementation/system_rs232_wrapper.ngc 1525425142
D:/f4-TD/TowerDefence/implementation/system_vga_periph_mem_0_wrapper.ngc 1525425152
D:/f4-TD/TowerDefence/implementation/system_proc_sys_reset_0_wrapper.ngc 1525425064
D:/f4-TD/TowerDefence/implementation/system_clock_generator_0_wrapper.ngc 1525425162
D:/f4-TD/TowerDefence/implementation/system_axi_intc_0_wrapper.ngc 1525425149
D:/f4-TD/TowerDefence/implementation/system_microblaze_0_ilmb_wrapper.ngc 1525425154
D:/f4-TD/TowerDefence/implementation/system_microblaze_0_dlmb_wrapper.ngc 1525425157
D:/f4-TD/TowerDefence/implementation/system_axi4lite_0_wrapper.ngc 1525425165
D:/f4-TD/TowerDefence/implementation/system_microblaze_0_wrapper.ngc 1525425160
D:/f4-TD/TowerDefence/implementation/system_microblaze_0_i_bram_ctrl_wrapper.ngc 1525425079
D:/f4-TD/TowerDefence/implementation/system_microblaze_0_d_bram_ctrl_wrapper.ngc 1525425087
D:/f4-TD/TowerDefence/implementation/system_debug_module_wrapper.ngc 1525425122
D:/f4-TD/TowerDefence/implementation/system_microblaze_0_bram_block_wrapper.ngc 1525425093
OK
