15:16:39 **** Auto Build of configuration Debug for project hello_world ****
make all 
'Building file: ../src/helloworld.c'
'Invoking: MicroBlaze gcc compiler'
mb-gcc -Wall -O0 -g3 -c -fmessage-length=0 -I../../standalone_bsp_0/microblaze_0/include -mlittle-endian -mxl-barrel-shift -mxl-pattern-compare -mcpu=v8.50.b -mno-xl-soft-mul -Wl,--no-relax -ffunction-sections -fdata-sections -MMD -MP -MF"src/helloworld.d" -MT"src/helloworld.d" -o "src/helloworld.o" "../src/helloworld.c"
'Finished building: ../src/helloworld.c'
' '
'Building target: hello_world.elf'
'Invoking: MicroBlaze gcc linker'
mb-gcc -Wl,-T -Wl,../src/lscript.ld -L../../standalone_bsp_0/microblaze_0/lib -mlittle-endian -mxl-barrel-shift -mxl-pattern-compare -mcpu=v8.50.b -mno-xl-soft-mul -Wl,--no-relax -Wl,--gc-sections -o "hello_world.elf"  ./src/helloworld.o ./src/platform.o ./src/vga_periph_mem.o   -Wl,--start-group,-lxil,-lgcc,-lc,--end-group
'Finished building target: hello_world.elf'
' '
'Invoking: MicroBlaze Print Size'
mb-size hello_world.elf  |tee "hello_world.elf.size"
   text	   data	    bss	    dec	    hex	filename
  46180	   1356	   3400	  50936	   c6f8	hello_world.elf
'Finished building: hello_world.elf.size'
' '
'Invoking: Xilinx ELF Check'
elfcheck hello_world.elf -hw ../../TowerDefence_hw_platform/system.xml -pe microblaze_0  |tee "hello_world.elf.elfcheck"
elfcheck
Xilinx EDK 14.6 Build EDK_P.68d
Copyright (c) 1995-2012 Xilinx, Inc.  All rights reserved.

Command Line: elfcheck -hw ../../TowerDefence_hw_platform/system.xml -pe
microblaze_0 hello_world.elf 

ELF file	: hello_world.elf
elfcheck passed.
'Finished building: hello_world.elf.elfcheck'
' '

15:16:41 Build Finished (took 1s.541ms)

